This is pdfTeX, Version 3.141592653-2.6-1.40.28 (MiKTeX 25.12) (preloaded format=pdflatex 2026.5.20)  21 MAY 2026 01:31
entering extended mode
 restricted \write18 enabled.
 %&-line parsing enabled.
**./main.tex
(main.tex
LaTeX2e <2025-11-01>
L3 programming layer <2025-12-24>

(C:\Users\blobr.DESKTOP-0PLPMJC\AppData\Local\Programs\MiKTeX\tex/latex/base\ar
ticle.cls
Document Class: article 2025/01/22 v1.4n Standard LaTeX document class

(C:\Users\blobr.DESKTOP-0PLPMJC\AppData\Local\Programs\MiKTeX\tex/latex/base\si
ze11.clo
File: size11.clo 2025/01/22 v1.4n Standard LaTeX file (size option)
)
\c@part=\count275
\c@section=\count276
\c@subsection=\count277
\c@subsubsection=\count278
\c@paragraph=\count279
\c@subparagraph=\count280
\c@figure=\count281
\c@table=\count282
\abovecaptionskip=\skip49
\belowcaptionskip=\skip50
\bibindent=\dimen148
) (jmlr2e.sty
Package: jmlr2e 2022/01/01 JMLR 2e style

(C:\Users\blobr.DESKTOP-0PLPMJC\AppData\Local\Programs\MiKTeX\tex/latex/amsmath
\amsmath.sty
Package: amsmath 2025/07/09 v2.17z AMS math features
\@mathmargin=\skip51

For additional information on amsmath, use the `?' option.

(C:\Users\blobr.DESKTOP-0PLPMJC\AppData\Local\Programs\MiKTeX\tex/latex/amsmath
\amstext.sty
Package: amstext 2024/11/17 v2.01 AMS text

(C:\Users\blobr.DESKTOP-0PLPMJC\AppData\Local\Programs\MiKTeX\tex/latex/amsmath
\amsgen.sty
File: amsgen.sty 1999/11/30 v2.0 generic functions
\@emptytoks=\toks17
\ex@=\dimen149
))
(C:\Users\blobr.DESKTOP-0PLPMJC\AppData\Local\Programs\MiKTeX\tex/latex/amsmath
\amsbsy.sty
Package: amsbsy 1999/11/29 v1.2d Bold Symbols
\pmbraise@=\dimen150
)
(C:\Users\blobr.DESKTOP-0PLPMJC\AppData\Local\Programs\MiKTeX\tex/latex/amsmath
\amsopn.sty
Package: amsopn 2022/04/08 v2.04 operator names
)
\inf@bad=\count283
LaTeX Info: Redefining \frac on input line 233.
\uproot@=\count284
\leftroot@=\count285
LaTeX Info: Redefining \overline on input line 398.
LaTeX Info: Redefining \colon on input line 409.
\classnum@=\count286
\DOTSCASE@=\count287
LaTeX Info: Redefining \ldots on input line 495.
LaTeX Info: Redefining \dots on input line 498.
LaTeX Info: Redefining \cdots on input line 619.
\Mathstrutbox@=\box53
\strutbox@=\box54
LaTeX Info: Redefining \big on input line 721.
LaTeX Info: Redefining \Big on input line 722.
LaTeX Info: Redefining \bigg on input line 723.
LaTeX Info: Redefining \Bigg on input line 724.
\big@size=\dimen151
LaTeX Font Info:    Redeclaring font encoding OML on input line 742.
LaTeX Font Info:    Redeclaring font encoding OMS on input line 743.
\macc@depth=\count288
LaTeX Info: Redefining \bmod on input line 904.
LaTeX Info: Redefining \pmod on input line 909.
LaTeX Info: Redefining \smash on input line 939.
LaTeX Info: Redefining \relbar on input line 969.
LaTeX Info: Redefining \Relbar on input line 970.
\c@MaxMatrixCols=\count289
\dotsspace@=\muskip17
\c@parentequation=\count290
\dspbrk@lvl=\count291
\tag@help=\toks18
\row@=\count292
\column@=\count293
\maxfields@=\count294
\andhelp@=\toks19
\eqnshift@=\dimen152
\alignsep@=\dimen153
\tagshift@=\dimen154
\tagwidth@=\dimen155
\totwidth@=\dimen156
\lineht@=\dimen157
\@envbody=\toks20
\multlinegap=\skip52
\multlinetaggap=\skip53
\mathdisplay@stack=\toks21
LaTeX Info: Redefining \[ on input line 2950.
LaTeX Info: Redefining \] on input line 2951.
)
(C:\Users\blobr.DESKTOP-0PLPMJC\AppData\Local\Programs\MiKTeX\tex/latex/amsfont
s\amssymb.sty
Package: amssymb 2013/01/14 v3.01 AMS font symbols

(C:\Users\blobr.DESKTOP-0PLPMJC\AppData\Local\Programs\MiKTeX\tex/latex/amsfont
s\amsfonts.sty
Package: amsfonts 2013/01/14 v3.01 Basic AMSFonts support
\symAMSa=\mathgroup4
\symAMSb=\mathgroup5
LaTeX Font Info:    Redeclaring math symbol \hbar on input line 98.
LaTeX Font Info:    Overwriting math alphabet `\mathfrak' in version `bold'
(Font)                  U/euf/m/n --> U/euf/b/n on input line 106.
))
(C:\Users\blobr.DESKTOP-0PLPMJC\AppData\Local\Programs\MiKTeX\tex/latex/amscls\
amsthm.sty
Package: amsthm 2020/05/29 v2.20.6
\thm@style=\toks22
\thm@bodyfont=\toks23
\thm@headfont=\toks24
\thm@notefont=\toks25
\thm@headpunct=\toks26
\thm@preskip=\skip54
\thm@postskip=\skip55
\thm@headsep=\skip56
\dth@everypar=\toks27
)
(C:\Users\blobr.DESKTOP-0PLPMJC\AppData\Local\Programs\MiKTeX\tex/latex/natbib\
natbib.sty
Package: natbib 2010/09/13 8.31b (PWD, AO)
\bibhang=\skip57
\bibsep=\skip58
LaTeX Info: Redefining \cite on input line 694.
\c@NAT@ctr=\count295
)
(C:\Users\blobr.DESKTOP-0PLPMJC\AppData\Local\Programs\MiKTeX\tex/latex/booktab
s\booktabs.sty
Package: booktabs 2020/01/12 v1.61803398 Publication quality tables
\heavyrulewidth=\dimen158
\lightrulewidth=\dimen159
\cmidrulewidth=\dimen160
\belowrulesep=\dimen161
\belowbottomsep=\dimen162
\aboverulesep=\dimen163
\abovetopsep=\dimen164
\cmidrulesep=\dimen165
\cmidrulekern=\dimen166
\defaultaddspace=\dimen167
\@cmidla=\count296
\@cmidlb=\count297
\@aboverulesep=\dimen168
\@belowrulesep=\dimen169
\@thisruleclass=\count298
\@lastruleclass=\count299
\@thisrulewidth=\dimen170
)
(C:\Users\blobr.DESKTOP-0PLPMJC\AppData\Local\Programs\MiKTeX\tex/latex/hyperre
f\hyperref.sty
Package: hyperref 2025-07-12 v7.01o Hypertext links for LaTeX

(C:\Users\blobr.DESKTOP-0PLPMJC\AppData\Local\Programs\MiKTeX\tex/generic/iftex
\iftex.sty
Package: iftex 2024/12/12 v1.0g TeX engine tests
)
(C:\Users\blobr.DESKTOP-0PLPMJC\AppData\Local\Programs\MiKTeX\tex/latex/graphic
s\keyval.sty
Package: keyval 2022/05/29 v1.15 key=value parser (DPC)
\KV@toks@=\toks28
)
(C:\Users\blobr.DESKTOP-0PLPMJC\AppData\Local\Programs\MiKTeX\tex/latex/kvsetke
ys\kvsetkeys.sty
Package: kvsetkeys 2022-10-05 v1.19 Key value parser (HO)
)
(C:\Users\blobr.DESKTOP-0PLPMJC\AppData\Local\Programs\MiKTeX\tex/generic/kvdef
inekeys\kvdefinekeys.sty
Package: kvdefinekeys 2019-12-19 v1.6 Define keys (HO)
)
(C:\Users\blobr.DESKTOP-0PLPMJC\AppData\Local\Programs\MiKTeX\tex/generic/pdfes
cape\pdfescape.sty
Package: pdfescape 2019/12/09 v1.15 Implements pdfTeX's escape features (HO)

(C:\Users\blobr.DESKTOP-0PLPMJC\AppData\Local\Programs\MiKTeX\tex/generic/ltxcm
ds\ltxcmds.sty
Package: ltxcmds 2023-12-04 v1.26 LaTeX kernel commands for general use (HO)
)
(C:\Users\blobr.DESKTOP-0PLPMJC\AppData\Local\Programs\MiKTeX\tex/generic/pdfte
xcmds\pdftexcmds.sty
Package: pdftexcmds 2020-06-27 v0.33 Utility functions of pdfTeX for LuaTeX (HO
)

(C:\Users\blobr.DESKTOP-0PLPMJC\AppData\Local\Programs\MiKTeX\tex/generic/infwa
rerr\infwarerr.sty
Package: infwarerr 2019/12/03 v1.5 Providing info/warning/error messages (HO)
)
Package pdftexcmds Info: \pdf@primitive is available.
Package pdftexcmds Info: \pdf@ifprimitive is available.
Package pdftexcmds Info: \pdfdraftmode found.
))
(C:\Users\blobr.DESKTOP-0PLPMJC\AppData\Local\Programs\MiKTeX\tex/latex/hycolor
\hycolor.sty
Package: hycolor 2020-01-27 v1.10 Color options for hyperref/bookmark (HO)
)
(C:\Users\blobr.DESKTOP-0PLPMJC\AppData\Local\Programs\MiKTeX\tex/latex/hyperre
f\nameref.sty
Package: nameref 2025-06-21 v2.57 Cross-referencing by name of section

(C:\Users\blobr.DESKTOP-0PLPMJC\AppData\Local\Programs\MiKTeX\tex/latex/refcoun
t\refcount.sty
Package: refcount 2019/12/15 v3.6 Data extraction from label references (HO)
)
(C:\Users\blobr.DESKTOP-0PLPMJC\AppData\Local\Programs\MiKTeX\tex/generic/getti
tlestring\gettitlestring.sty
Package: gettitlestring 2019/12/15 v1.6 Cleanup title references (HO)

(C:\Users\blobr.DESKTOP-0PLPMJC\AppData\Local\Programs\MiKTeX\tex/latex/kvoptio
ns\kvoptions.sty
Package: kvoptions 2022-06-15 v3.15 Key value format for package options (HO)
))
\c@section@level=\count300
)
(C:\Users\blobr.DESKTOP-0PLPMJC\AppData\Local\Programs\MiKTeX\tex/latex/etoolbo
x\etoolbox.sty
Package: etoolbox 2025/10/02 v2.5m e-TeX tools for LaTeX (JAW)
\etb@tempcnta=\count301
)
(C:\Users\blobr.DESKTOP-0PLPMJC\AppData\Local\Programs\MiKTeX\tex/generic/strin
genc\stringenc.sty
Package: stringenc 2019/11/29 v1.12 Convert strings between diff. encodings (HO
)
)
\@linkdim=\dimen171
\Hy@linkcounter=\count302
\Hy@pagecounter=\count303

(C:\Users\blobr.DESKTOP-0PLPMJC\AppData\Local\Programs\MiKTeX\tex/latex/hyperre
f\pd1enc.def
File: pd1enc.def 2025-07-12 v7.01o Hyperref: PDFDocEncoding definition (HO)
Now handling font encoding PD1 ...
... no UTF-8 mapping file for font encoding PD1
)
(C:\Users\blobr.DESKTOP-0PLPMJC\AppData\Local\Programs\MiKTeX\tex/generic/intca
lc\intcalc.sty
Package: intcalc 2019/12/15 v1.3 Expandable calculations with integers (HO)
)
\Hy@SavedSpaceFactor=\count304

(C:\Users\blobr.DESKTOP-0PLPMJC\AppData\Local\Programs\MiKTeX\tex/latex/hyperre
f\puenc.def
File: puenc.def 2025-07-12 v7.01o Hyperref: PDF Unicode definition (HO)
Now handling font encoding PU ...
... no UTF-8 mapping file for font encoding PU
)
Package hyperref Info: Hyper figures OFF on input line 4195.
Package hyperref Info: Link nesting OFF on input line 4200.
Package hyperref Info: Hyper index ON on input line 4203.
Package hyperref Info: Plain pages OFF on input line 4210.
Package hyperref Info: Backreferencing OFF on input line 4215.
Package hyperref Info: Implicit mode ON; LaTeX internals redefined.
Package hyperref Info: Bookmarks ON on input line 4462.
\c@Hy@tempcnt=\count305

(C:\Users\blobr.DESKTOP-0PLPMJC\AppData\Local\Programs\MiKTeX\tex/latex/url\url
.sty
\Urlmuskip=\muskip18
Package: url 2013/09/16  ver 3.4  Verb mode for urls, etc.
)
LaTeX Info: Redefining \url on input line 4801.
\XeTeXLinkMargin=\dimen172

(C:\Users\blobr.DESKTOP-0PLPMJC\AppData\Local\Programs\MiKTeX\tex/generic/bitse
t\bitset.sty
Package: bitset 2019/12/09 v1.3 Handle bit-vector datatype (HO)

(C:\Users\blobr.DESKTOP-0PLPMJC\AppData\Local\Programs\MiKTeX\tex/generic/bigin
tcalc\bigintcalc.sty
Package: bigintcalc 2019/12/15 v1.5 Expandable calculations on big integers (HO
)
))
\Fld@menulength=\count306
\Field@Width=\dimen173
\Fld@charsize=\dimen174
Package hyperref Info: Hyper figures OFF on input line 6078.
Package hyperref Info: Link nesting OFF on input line 6083.
Package hyperref Info: Hyper index ON on input line 6086.
Package hyperref Info: backreferencing OFF on input line 6093.
Package hyperref Info: Link coloring OFF on input line 6098.
Package hyperref Info: Link coloring with OCG OFF on input line 6103.
Package hyperref Info: PDF/A mode OFF on input line 6108.
\Hy@abspage=\count307
\c@Item=\count308
\c@Hfootnote=\count309
)
Package hyperref Info: Driver (autodetected): hpdftex.

(C:\Users\blobr.DESKTOP-0PLPMJC\AppData\Local\Programs\MiKTeX\tex/latex/hyperre
f\hpdftex.def
File: hpdftex.def 2025-07-12 v7.01o Hyperref driver for pdfTeX
\Fld@listcount=\count310
\c@bookmark@seq@number=\count311

(C:\Users\blobr.DESKTOP-0PLPMJC\AppData\Local\Programs\MiKTeX\tex/latex/rerunfi
lecheck\rerunfilecheck.sty
Package: rerunfilecheck 2025-06-21 v1.11 Rerun checks for auxiliary files (HO)

(C:\Users\blobr.DESKTOP-0PLPMJC\AppData\Local\Programs\MiKTeX\tex/generic/uniqu
ecounter\uniquecounter.sty
Package: uniquecounter 2019/12/15 v1.4 Provide unlimited unique counter (HO)
)
Package uniquecounter Info: New unique counter `rerunfilecheck' on input line 2
84.
)
\Hy@SectionHShift=\skip59
)
(C:\Users\blobr.DESKTOP-0PLPMJC\AppData\Local\Programs\MiKTeX\tex/latex/tools\e
numerate.sty
Package: enumerate 2023/07/04 v3.00 enumerate extensions (DPC)
\@enLab=\toks29
)
(C:\Users\blobr.DESKTOP-0PLPMJC\AppData\Local\Programs\MiKTeX\tex/latex/algorit
hmicx\algorithmicx.sty
Package: algorithmicx 2005/04/27 v1.2 Algorithmicx

(C:\Users\blobr.DESKTOP-0PLPMJC\AppData\Local\Programs\MiKTeX\tex/latex/base\if
then.sty
Package: ifthen 2024/03/16 v1.1e Standard LaTeX ifthen package (DPC)
)
Document Style algorithmicx 1.2 - a greatly improved `algorithmic' style
\c@ALG@line=\count312
\c@ALG@rem=\count313
\c@ALG@nested=\count314
\ALG@tlm=\skip60
\ALG@thistlm=\skip61
\c@ALG@Lnr=\count315
\c@ALG@blocknr=\count316
\c@ALG@storecount=\count317
\c@ALG@tmpcounter=\count318
\ALG@tmplength=\skip62
)
(C:\Users\blobr.DESKTOP-0PLPMJC\AppData\Local\Programs\MiKTeX\tex/latex/algorit
hmicx\algpseudocode.sty
Package: algpseudocode 

Document Style - pseudocode environments for use with the `algorithmicx' style
)
(C:\Users\blobr.DESKTOP-0PLPMJC\AppData\Local\Programs\MiKTeX\tex/latex/float\f
loat.sty
Package: float 2001/11/08 v1.3d Float enhancements (AL)
\c@float@type=\count319
\float@exts=\toks30
\float@box=\box55
\@float@everytoks=\toks31
\@floatcapt=\box56
)
\@float@every@algorithm=\toks32
\c@algorithm=\count320

(C:\Users\blobr.DESKTOP-0PLPMJC\AppData\Local\Programs\MiKTeX\tex/latex/caption
\caption.sty
Package: caption 2023/08/05 v3.6o Customizing captions (AR)

(C:\Users\blobr.DESKTOP-0PLPMJC\AppData\Local\Programs\MiKTeX\tex/latex/caption
\caption3.sty
Package: caption3 2023/07/31 v2.4d caption3 kernel (AR)
\caption@tempdima=\dimen175
\captionmargin=\dimen176
\caption@leftmargin=\dimen177
\caption@rightmargin=\dimen178
\caption@width=\dimen179
\caption@indent=\dimen180
\caption@parindent=\dimen181
\caption@hangindent=\dimen182
Package caption Info: Standard document class detected.
)
\c@caption@flags=\count321
\c@continuedfloat=\count322
Package caption Info: float package is loaded.
Package caption Info: hyperref package is loaded.
)
(C:\Users\blobr.DESKTOP-0PLPMJC\AppData\Local\Programs\MiKTeX\tex/latex/graphic
s\graphicx.sty
Package: graphicx 2024/12/31 v1.2e Enhanced LaTeX Graphics (DPC,SPQR)

(C:\Users\blobr.DESKTOP-0PLPMJC\AppData\Local\Programs\MiKTeX\tex/latex/graphic
s\graphics.sty
Package: graphics 2024/08/06 v1.4g Standard LaTeX Graphics (DPC,SPQR)

(C:\Users\blobr.DESKTOP-0PLPMJC\AppData\Local\Programs\MiKTeX\tex/latex/graphic
s\trig.sty
Package: trig 2023/12/02 v1.11 sin cos tan (DPC)
)
(C:\Users\blobr.DESKTOP-0PLPMJC\AppData\Local\Programs\MiKTeX\tex/latex/graphic
s-cfg\graphics.cfg
File: graphics.cfg 2016/06/04 v1.11 sample graphics configuration
)
Package graphics Info: Driver file: pdftex.def on input line 106.

(C:\Users\blobr.DESKTOP-0PLPMJC\AppData\Local\Programs\MiKTeX\tex/latex/graphic
s-def\pdftex.def
File: pdftex.def 2025/09/29 v1.2d Graphics/color driver for pdftex
))
\Gin@req@height=\dimen183
\Gin@req@width=\dimen184
)
(C:\Users\blobr.DESKTOP-0PLPMJC\AppData\Local\Programs\MiKTeX\tex/latex/microty
pe\microtype.sty
Package: microtype 2026/03/01 v3.2d Micro-typographical refinements (RS)
\MT@toks=\toks33
\MT@tempbox=\box57
\MT@count=\count323
LaTeX Info: Redefining \noprotrusionifhmode on input line 1084.
LaTeX Info: Redefining \leftprotrusion on input line 1085.
\MT@prot@toks=\toks34
LaTeX Info: Redefining \rightprotrusion on input line 1104.
LaTeX Info: Redefining \textls on input line 1449.
\MT@outer@kern=\dimen185
LaTeX Info: Redefining \microtypecontext on input line 2053.
LaTeX Info: Redefining \textmicrotypecontext on input line 2070.
\MT@listname@count=\count324

(C:\Users\blobr.DESKTOP-0PLPMJC\AppData\Local\Programs\MiKTeX\tex/latex/microty
pe\microtype-pdftex.def
File: microtype-pdftex.def 2026/03/01 v3.2d Definitions specific to pdftex (RS)

LaTeX Info: Redefining \lsstyle on input line 944.
LaTeX Info: Redefining \lslig on input line 944.
\MT@outer@space=\skip63
)
Package microtype Info: Loading configuration file microtype.cfg.

(C:\Users\blobr.DESKTOP-0PLPMJC\AppData\Local\Programs\MiKTeX\tex/latex/microty
pe\microtype.cfg
File: microtype.cfg 2026/03/01 v3.2d microtype main configuration file (RS)
)
LaTeX Info: Redefining \microtypesetup on input line 3065.
)
(C:\Users\blobr.DESKTOP-0PLPMJC\AppData\Local\Programs\MiKTeX\tex/latex/xcolor\
xcolor.sty
Package: xcolor 2024/09/29 v3.02 LaTeX color extensions (UK)

(C:\Users\blobr.DESKTOP-0PLPMJC\AppData\Local\Programs\MiKTeX\tex/latex/graphic
s-cfg\color.cfg
File: color.cfg 2016/01/02 v1.6 sample color configuration
)
Package xcolor Info: Driver file: pdftex.def on input line 274.

(C:\Users\blobr.DESKTOP-0PLPMJC\AppData\Local\Programs\MiKTeX\tex/latex/graphic
s\mathcolor.ltx)
Package xcolor Info: Model `cmy' substituted by `cmy0' on input line 1349.
Package xcolor Info: Model `hsb' substituted by `rgb' on input line 1353.
Package xcolor Info: Model `RGB' extended on input line 1365.
Package xcolor Info: Model `HTML' substituted by `rgb' on input line 1367.
Package xcolor Info: Model `Hsb' substituted by `hsb' on input line 1368.
Package xcolor Info: Model `tHsb' substituted by `hsb' on input line 1369.
Package xcolor Info: Model `HSB' substituted by `hsb' on input line 1370.
Package xcolor Info: Model `Gray' substituted by `gray' on input line 1371.
Package xcolor Info: Model `wave' substituted by `hsb' on input line 1372.
)
(C:\Users\blobr.DESKTOP-0PLPMJC\AppData\Local\Programs\MiKTeX\tex/latex/geometr
y\geometry.sty
Package: geometry 2026/03/07 v6.0 Page Geometry

(C:\Users\blobr.DESKTOP-0PLPMJC\AppData\Local\Programs\MiKTeX\tex/generic/iftex
\ifvtex.sty
Package: ifvtex 2019/10/25 v1.7 ifvtex legacy package. Use iftex instead.
)
\Gm@cnth=\count325
\Gm@cntv=\count326
\c@Gm@tempcnt=\count327
\Gm@bindingoffset=\dimen186
\Gm@wd@mp=\dimen187
\Gm@odd@mp=\dimen188
\Gm@even@mp=\dimen189
\Gm@layoutwidth=\dimen190
\Gm@layoutheight=\dimen191
\Gm@layouthoffset=\dimen192
\Gm@layoutvoffset=\dimen193
\Gm@dimlist=\toks35

(C:\Users\blobr.DESKTOP-0PLPMJC\AppData\Local\Programs\MiKTeX\tex/latex/geometr
y\geometry.cfg))
(C:\Users\blobr.DESKTOP-0PLPMJC\AppData\Local\Programs\MiKTeX\tex/latex/base\fo
ntenc.sty
Package: fontenc 2025/07/18 v2.1d Standard LaTeX package
)
(C:\Users\blobr.DESKTOP-0PLPMJC\AppData\Local\Programs\MiKTeX\tex/latex/lm\lmod
ern.sty
Package: lmodern 2015/05/01 v1.6.1 Latin Modern Fonts
LaTeX Font Info:    Overwriting symbol font `operators' in version `normal'
(Font)                  OT1/cmr/m/n --> OT1/lmr/m/n on input line 22.
LaTeX Font Info:    Overwriting symbol font `letters' in version `normal'
(Font)                  OML/cmm/m/it --> OML/lmm/m/it on input line 23.
LaTeX Font Info:    Overwriting symbol font `symbols' in version `normal'
(Font)                  OMS/cmsy/m/n --> OMS/lmsy/m/n on input line 24.
LaTeX Font Info:    Overwriting symbol font `largesymbols' in version `normal'
(Font)                  OMX/cmex/m/n --> OMX/lmex/m/n on input line 25.
LaTeX Font Info:    Overwriting symbol font `operators' in version `bold'
(Font)                  OT1/cmr/bx/n --> OT1/lmr/bx/n on input line 26.
LaTeX Font Info:    Overwriting symbol font `letters' in version `bold'
(Font)                  OML/cmm/b/it --> OML/lmm/b/it on input line 27.
LaTeX Font Info:    Overwriting symbol font `symbols' in version `bold'
(Font)                  OMS/cmsy/b/n --> OMS/lmsy/b/n on input line 28.
LaTeX Font Info:    Overwriting symbol font `largesymbols' in version `bold'
(Font)                  OMX/cmex/m/n --> OMX/lmex/m/n on input line 29.
LaTeX Font Info:    Overwriting math alphabet `\mathbf' in version `normal'
(Font)                  OT1/cmr/bx/n --> OT1/lmr/bx/n on input line 31.
LaTeX Font Info:    Overwriting math alphabet `\mathsf' in version `normal'
(Font)                  OT1/cmss/m/n --> OT1/lmss/m/n on input line 32.
LaTeX Font Info:    Overwriting math alphabet `\mathit' in version `normal'
(Font)                  OT1/cmr/m/it --> OT1/lmr/m/it on input line 33.
LaTeX Font Info:    Overwriting math alphabet `\mathtt' in version `normal'
(Font)                  OT1/cmtt/m/n --> OT1/lmtt/m/n on input line 34.
LaTeX Font Info:    Overwriting math alphabet `\mathbf' in version `bold'
(Font)                  OT1/cmr/bx/n --> OT1/lmr/bx/n on input line 35.
LaTeX Font Info:    Overwriting math alphabet `\mathsf' in version `bold'
(Font)                  OT1/cmss/bx/n --> OT1/lmss/bx/n on input line 36.
LaTeX Font Info:    Overwriting math alphabet `\mathit' in version `bold'
(Font)                  OT1/cmr/bx/it --> OT1/lmr/bx/it on input line 37.
LaTeX Font Info:    Overwriting math alphabet `\mathtt' in version `bold'
(Font)                  OT1/cmtt/m/n --> OT1/lmtt/m/n on input line 38.
)
(C:\Users\blobr.DESKTOP-0PLPMJC\AppData\Local\Programs\MiKTeX\tex/latex/titlese
c\titlesec.sty
Package: titlesec 2025/01/04 v2.17 Sectioning titles
\ttl@box=\box58
\beforetitleunit=\skip64
\aftertitleunit=\skip65
\ttl@plus=\dimen194
\ttl@minus=\dimen195
\ttl@toksa=\toks36
\titlewidth=\dimen196
\titlewidthlast=\dimen197
\titlewidthfirst=\dimen198
)
(C:\Users\blobr.DESKTOP-0PLPMJC\AppData\Local\Programs\MiKTeX\tex/latex/fancyhd
r\fancyhdr.sty
Package: fancyhdr 2025/02/07 v5.2 Extensive control of page headers and footers

\f@nch@headwidth=\skip66
\f@nch@offset@elh=\skip67
\f@nch@offset@erh=\skip68
\f@nch@offset@olh=\skip69
\f@nch@offset@orh=\skip70
\f@nch@offset@elf=\skip71
\f@nch@offset@erf=\skip72
\f@nch@offset@olf=\skip73
\f@nch@offset@orf=\skip74
\f@nch@height=\skip75
\f@nch@footalignment=\skip76
\f@nch@widthL=\skip77
\f@nch@widthC=\skip78
\f@nch@widthR=\skip79
\@temptokenb=\toks37
)
\c@theorem=\count328
Package hyperref Info: Option `colorlinks' set `true' on input line 126.
)
(C:\Users\blobr.DESKTOP-0PLPMJC\AppData\Local\Programs\MiKTeX\tex/latex/caption
\subcaption.sty
Package: subcaption 2023/07/28 v1.6b Sub-captions (AR)
Package caption Info: New subtype `subfigure' on input line 238.
\c@subfigure=\count329
Package caption Info: New subtype `subtable' on input line 238.
\c@subtable=\count330
)
(C:\Users\blobr.DESKTOP-0PLPMJC\AppData\Local\Programs\MiKTeX\tex/latex/mathtoo
ls\mathtools.sty
Package: mathtools 2024/10/04 v1.31 mathematical typesetting tools

(C:\Users\blobr.DESKTOP-0PLPMJC\AppData\Local\Programs\MiKTeX\tex/latex/tools\c
alc.sty
Package: calc 2025/03/01 v4.3b Infix arithmetic (KKT,FJ)
\calc@Acount=\count331
\calc@Bcount=\count332
\calc@Adimen=\dimen199
\calc@Bdimen=\dimen256
\calc@Askip=\skip80
\calc@Bskip=\skip81
LaTeX Info: Redefining \setlength on input line 86.
LaTeX Info: Redefining \addtolength on input line 87.
\calc@Ccount=\count333
\calc@Cskip=\skip82
)
(C:\Users\blobr.DESKTOP-0PLPMJC\AppData\Local\Programs\MiKTeX\tex/latex/mathtoo
ls\mhsetup.sty
Package: mhsetup 2021/03/18 v1.4 programming setup (MH)
)
\g_MT_multlinerow_int=\count334
\l_MT_multwidth_dim=\dimen257
\origjot=\skip83
\l_MT_shortvdotswithinadjustabove_dim=\dimen258
\l_MT_shortvdotswithinadjustbelow_dim=\dimen259
\l_MT_above_intertext_sep=\dimen260
\l_MT_below_intertext_sep=\dimen261
\l_MT_above_shortintertext_sep=\dimen262
\l_MT_below_shortintertext_sep=\dimen263
\xmathstrut@box=\box59
\xmathstrut@dim=\dimen264
)
(C:\Users\blobr.DESKTOP-0PLPMJC\AppData\Local\Programs\MiKTeX\tex/latex/tools\b
m.sty
Package: bm 2025/10/21 v1.2g Bold Symbol Support (DPC/FMi)
\symboldoperators=\mathgroup6
\symboldletters=\mathgroup7
\symboldsymbols=\mathgroup8
Package bm Info: No bold for \OMX/lmex/m/n, using \pmb.
Package bm Info: No bold for \U/msa/m/n, using \pmb.
Package bm Info: No bold for \U/msb/m/n, using \pmb.
LaTeX Font Info:    Redeclaring math alphabet \mathbf on input line 149.
)
(C:\Users\blobr.DESKTOP-0PLPMJC\AppData\Local\Programs\MiKTeX\tex/latex/multiro
w\multirow.sty
Package: multirow 2024/11/12 v2.9 Span multiple rows of a table
\multirow@colwidth=\skip84
\multirow@cntb=\count335
\multirow@dima=\skip85
\bigstrutjot=\dimen265
)
LaTeX Font Info:    Trying to load font information for T1+lmr on input line 30
.

(C:\Users\blobr.DESKTOP-0PLPMJC\AppData\Local\Programs\MiKTeX\tex/latex/lm\t1lm
r.fd
File: t1lmr.fd 2015/05/01 v1.6.1 Font defs for Latin Modern
)
(C:\Users\blobr.DESKTOP-0PLPMJC\AppData\Local\Programs\MiKTeX\tex/latex/l3backe
nd\l3backend-pdftex.def
File: l3backend-pdftex.def 2025-10-09 L3 backend support: PDF output (pdfTeX)
\l__color_backend_stack_int=\count336
) (main.aux)
\openout1 = `main.aux'.

LaTeX Font Info:    Checking defaults for OML/cmm/m/it on input line 30.
LaTeX Font Info:    ... okay on input line 30.
LaTeX Font Info:    Checking defaults for OMS/cmsy/m/n on input line 30.
LaTeX Font Info:    ... okay on input line 30.
LaTeX Font Info:    Checking defaults for OT1/cmr/m/n on input line 30.
LaTeX Font Info:    ... okay on input line 30.
LaTeX Font Info:    Checking defaults for T1/cmr/m/n on input line 30.
LaTeX Font Info:    ... okay on input line 30.
LaTeX Font Info:    Checking defaults for TS1/cmr/m/n on input line 30.
LaTeX Font Info:    ... okay on input line 30.
LaTeX Font Info:    Checking defaults for OMX/cmex/m/n on input line 30.
LaTeX Font Info:    ... okay on input line 30.
LaTeX Font Info:    Checking defaults for U/cmr/m/n on input line 30.
LaTeX Font Info:    ... okay on input line 30.
LaTeX Font Info:    Checking defaults for PD1/pdf/m/n on input line 30.
LaTeX Font Info:    ... okay on input line 30.
LaTeX Font Info:    Checking defaults for PU/pdf/m/n on input line 30.
LaTeX Font Info:    ... okay on input line 30.
Package hyperref Info: Link coloring ON on input line 30.
 (main.out) (main.out)
\@outlinefile=\write3
\openout3 = `main.out'.

Package caption Info: Begin \AtBeginDocument code.
Package caption Info: End \AtBeginDocument code.

(C:\Users\blobr.DESKTOP-0PLPMJC\AppData\Local\Programs\MiKTeX\tex/context/base/
mkii\supp-pdf.mkii
[Loading MPS to PDF converter (version 2006.09.02).]
\scratchcounter=\count337
\scratchdimen=\dimen266
\scratchbox=\box60
\nofMPsegments=\count338
\nofMParguments=\count339
\everyMPshowfont=\toks38
\MPscratchCnt=\count340
\MPscratchDim=\dimen267
\MPnumerator=\count341
\makeMPintoPDFobject=\count342
\everyMPtoPDFconversion=\toks39
)
(C:\Users\blobr.DESKTOP-0PLPMJC\AppData\Local\Programs\MiKTeX\tex/latex/epstopd
f-pkg\epstopdf-base.sty
Package: epstopdf-base 2020-01-24 v2.11 Base part for package epstopdf
Package epstopdf-base Info: Redefining graphics rule for `.eps' on input line 4
85.

(C:\Users\blobr.DESKTOP-0PLPMJC\AppData\Local\Programs\MiKTeX\tex/latex/00mikte
x\epstopdf-sys.cfg
File: epstopdf-sys.cfg 2021/03/18 v2.0 Configuration of epstopdf for MiKTeX
))
LaTeX Info: Redefining \microtypecontext on input line 30.
Package microtype Info: Applying patch `item' on input line 30.
Package microtype Info: Applying patch `toc' on input line 30.
Package microtype Info: Applying patch `eqnum' on input line 30.
Package microtype Info: Applying patch `footnote' on input line 30.
Package microtype Info: Applying patch `verbatim' on input line 30.
LaTeX Info: Redefining \microtypesetup on input line 30.
Package microtype Info: Generating PDF output.
Package microtype Info: Character protrusion enabled (level 2).
Package microtype Info: Using default protrusion set `alltext'.
Package microtype Info: Automatic font expansion enabled (level 2),
(microtype)             stretch: 20, shrink: 20, step: 1, non-selected.
Package microtype Info: Using default expansion set `alltext-nott'.
Package microtype Info: Patching command `\showhyphens'.
Package microtype Info: No adjustment of tracking.
Package microtype Info: No adjustment of interword spacing.
Package microtype Info: No adjustment of character kerning.

(C:\Users\blobr.DESKTOP-0PLPMJC\AppData\Local\Programs\MiKTeX\tex/latex/microty
pe\mt-cmr.cfg
File: mt-cmr.cfg 2013/05/19 v2.2 microtype config. file: Computer Modern Roman 
(RS)
)
*geometry* driver: auto-detecting
*geometry* detected driver: pdftex
*geometry* verbose mode - [ preamble ] result:
* driver: pdftex
* paper: <default>
* layout: <same size as paper>
* layoutoffset:(h,v)=(0.0pt,0.0pt)
* modes: twoside 
* h-part:(L,W,R)=(90.3375pt, 433.62001pt, 90.3375pt)
* v-part:(T,H,B)=(72.26999pt, 650.43001pt, 72.26999pt)
* \paperwidth=614.295pt
* \paperheight=794.96999pt
* \textwidth=433.62001pt
* \textheight=650.43001pt
* \oddsidemargin=18.0675pt
* \evensidemargin=18.0675pt
* \topmargin=-37.0pt
* \headheight=12.0pt
* \headsep=25.0pt
* \topskip=11.0pt
* \footskip=30.0pt
* \marginparwidth=113.0pt
* \marginparsep=10.0pt
* \columnsep=10.0pt
* \skip\footins=10.0pt plus 4.0pt minus 2.0pt
* \hoffset=0.0pt
* \voffset=0.0pt
* \mag=1000
* \@twocolumnfalse
* \@twosidetrue
* \@mparswitchtrue
* \@reversemarginfalse
* (1in=72.27pt=25.4mm, 1cm=28.453pt)

(sections/abstract.tex
LaTeX Font Info:    Trying to load font information for OT1+lmr on input line 1
2.

(C:\Users\blobr.DESKTOP-0PLPMJC\AppData\Local\Programs\MiKTeX\tex/latex/lm\ot1l
mr.fd
File: ot1lmr.fd 2015/05/01 v1.6.1 Font defs for Latin Modern
)
LaTeX Font Info:    Trying to load font information for OML+lmm on input line 1
2.

(C:\Users\blobr.DESKTOP-0PLPMJC\AppData\Local\Programs\MiKTeX\tex/latex/lm\omll
mm.fd
File: omllmm.fd 2015/05/01 v1.6.1 Font defs for Latin Modern
)
LaTeX Font Info:    Trying to load font information for OMS+lmsy on input line 
12.

(C:\Users\blobr.DESKTOP-0PLPMJC\AppData\Local\Programs\MiKTeX\tex/latex/lm\omsl
msy.fd
File: omslmsy.fd 2015/05/01 v1.6.1 Font defs for Latin Modern
)
LaTeX Font Info:    Trying to load font information for OMX+lmex on input line 
12.

(C:\Users\blobr.DESKTOP-0PLPMJC\AppData\Local\Programs\MiKTeX\tex/latex/lm\omxl
mex.fd
File: omxlmex.fd 2015/05/01 v1.6.1 Font defs for Latin Modern
)
LaTeX Font Info:    External font `lmex10' loaded for size
(Font)              <10> on input line 12.
LaTeX Font Info:    External font `lmex10' loaded for size
(Font)              <7> on input line 12.
LaTeX Font Info:    External font `lmex10' loaded for size
(Font)              <5> on input line 12.
LaTeX Font Info:    Trying to load font information for U+msa on input line 12.


(C:\Users\blobr.DESKTOP-0PLPMJC\AppData\Local\Programs\MiKTeX\tex/latex/amsfont
s\umsa.fd
File: umsa.fd 2013/01/14 v3.01 AMS symbols A
)
(C:\Users\blobr.DESKTOP-0PLPMJC\AppData\Local\Programs\MiKTeX\tex/latex/microty
pe\mt-msa.cfg
File: mt-msa.cfg 2006/02/04 v1.1 microtype config. file: AMS symbols (a) (RS)
)
LaTeX Font Info:    Trying to load font information for U+msb on input line 12.


(C:\Users\blobr.DESKTOP-0PLPMJC\AppData\Local\Programs\MiKTeX\tex/latex/amsfont
s\umsb.fd
File: umsb.fd 2013/01/14 v3.01 AMS symbols B
)
(C:\Users\blobr.DESKTOP-0PLPMJC\AppData\Local\Programs\MiKTeX\tex/latex/microty
pe\mt-msb.cfg
File: mt-msb.cfg 2005/06/01 v1.0 microtype config. file: AMS symbols (b) (RS)
)) (sections/1_introduction.tex
LaTeX Font Info:    External font `lmex10' loaded for size
(Font)              <10.95> on input line 10.
LaTeX Font Info:    External font `lmex10' loaded for size
(Font)              <8> on input line 10.
LaTeX Font Info:    External font `lmex10' loaded for size
(Font)              <6> on input line 10.
 [1{C:/Users/blobr.DESKTOP-0PLPMJC/AppData/Local/MiKTeX/fonts/map/pdftex/pdftex
.map}{C:/Users/blobr.DESKTOP-0PLPMJC/AppData/Local/Programs/MiKTeX/fonts/enc/dv
ips/lm/lm-ec.enc}

{C:/Users/blobr.DESKTOP-0PLPMJC/AppData/Local/Programs/MiKTeX/fonts/enc/dvips/l
m/lm-mathit.enc}{C:/Users/blobr.DESKTOP-0PLPMJC/AppData/Local/Programs/MiKTeX/f
onts/enc/dvips/lm/lm-rm.enc}{C:/Users/blobr.DESKTOP-0PLPMJC/AppData/Local/Progr
ams/MiKTeX/fonts/enc/dvips/lm/lm-mathex.enc}{C:/Users/blobr.DESKTOP-0PLPMJC/App
Data/Local/Programs/MiKTeX/fonts/enc/dvips/lm/lm-mathsy.enc}] [2]) (sections/2_
related_work.tex
[3]) (sections/3_problem_formulation.tex [4] [5]) (sections/4_algorithm.tex
[6]
Package hyperref Info: bookmark level for unknown algorithm defaults to 0 on in
put line 68.
) (sections/5_theory.tex [7] [8] [9] [10]) (sections/6_experiments.tex
LaTeX Font Info:    Trying to load font information for T1+lmtt on input line 7
.

(C:\Users\blobr.DESKTOP-0PLPMJC\AppData\Local\Programs\MiKTeX\tex/latex/lm\t1lm
tt.fd
File: t1lmtt.fd 2015/05/01 v1.6.1 Font defs for Latin Modern
)
Package microtype Info: Loading generic protrusion settings for font family
(microtype)             `lmtt' (encoding: T1).
(microtype)             For optimal results, create family-specific settings.
(microtype)             See the microtype manual for details.
LaTeX Font Info:    Trying to load font information for TS1+lmr on input line 2
3.

(C:\Users\blobr.DESKTOP-0PLPMJC\AppData\Local\Programs\MiKTeX\tex/latex/lm\ts1l
mr.fd
File: ts1lmr.fd 2015/05/01 v1.6.1 Font defs for Latin Modern
) [11{C:/Users/blobr.DESKTOP-0PLPMJC/AppData/Local/Programs/MiKTeX/fonts/enc/dv
ips/lm/lm-ts1.enc}] [12]

Package hyperref Warning: Token not allowed in a PDF string (Unicode):
(hyperref)                removing `math shift' on input line 117.


Package hyperref Warning: Token not allowed in a PDF string (Unicode):
(hyperref)                removing `\gg' on input line 117.


Package hyperref Warning: Token not allowed in a PDF string (Unicode):
(hyperref)                removing `subscript' on input line 117.


Package hyperref Warning: Token not allowed in a PDF string (Unicode):
(hyperref)                removing `math shift' on input line 117.

[13] [14]

Package hyperref Warning: Token not allowed in a PDF string (Unicode):
(hyperref)                removing `math shift' on input line 269.


Package hyperref Warning: Token not allowed in a PDF string (Unicode):
(hyperref)                removing `\alpha' on input line 269.


Package hyperref Warning: Token not allowed in a PDF string (Unicode):
(hyperref)                removing `math shift' on input line 269.

[15]) (sections/7_conclusion.tex [16] [17])
<figures/fig1_regret_comparison.pdf, id=507, 714.94476pt x 279.68599pt>
File: figures/fig1_regret_comparison.pdf Graphic file (type pdf)
<use figures/fig1_regret_comparison.pdf>
Package pdftex.def Info: figures/fig1_regret_comparison.pdf  used on input line
 55.
(pdftex.def)             Requested size: 433.62001pt x 169.63089pt.
<figures/fig2_verifier_calls.pdf, id=512, 714.06313pt x 280.98375pt>
File: figures/fig2_verifier_calls.pdf Graphic file (type pdf)
<use figures/fig2_verifier_calls.pdf>
Package pdftex.def Info: figures/fig2_verifier_calls.pdf  used on input line 72
.
(pdftex.def)             Requested size: 433.62001pt x 170.63237pt.
<figures/fig3_lipschitz.pdf, id=515, 715.82495pt x 281.6461pt>
File: figures/fig3_lipschitz.pdf Graphic file (type pdf)
<use figures/fig3_lipschitz.pdf>
Package pdftex.def Info: figures/fig3_lipschitz.pdf  used on input line 87.
(pdftex.def)             Requested size: 433.62001pt x 170.60913pt.
<figures/fig4_compute_accuracy.pdf, id=518, 714.85698pt x 283.36925pt>
File: figures/fig4_compute_accuracy.pdf Graphic file (type pdf)
<use figures/fig4_compute_accuracy.pdf>
Package pdftex.def Info: figures/fig4_compute_accuracy.pdf  used on input line 
101.
(pdftex.def)             Requested size: 281.85036pt x 111.72423pt.
<figures/fig5_ablation.pdf, id=521, 713.6646pt x 282.3668pt>
File: figures/fig5_ablation.pdf Graphic file (type pdf)
<use figures/fig5_ablation.pdf>
Package pdftex.def Info: figures/fig5_ablation.pdf  used on input line 114.
(pdftex.def)             Requested size: 433.62001pt x 171.56274pt.
<figures/fig6_estimated_L.pdf, id=522, 714.94476pt x 283.53502pt>
File: figures/fig6_estimated_L.pdf Graphic file (type pdf)
<use figures/fig6_estimated_L.pdf>
Package pdftex.def Info: figures/fig6_estimated_L.pdf  used on input line 127.
(pdftex.def)             Requested size: 433.62001pt x 171.96536pt.
 [18 <./figures/fig1_regret_comparison.pdf>] (main.bbl [19 <./figures/fig2_veri
fier_calls.pdf>] [20 <./figures/fig3_lipschitz.pdf> <./figures/fig4_compute_acc
uracy.pdf>] [21 <./figures/fig5_ablation.pdf>]) [22 <./figures/fig6_estimated_L
.pdf>] (sections/A_appendix.tex
Overfull \hbox (9.04762pt too wide) in paragraph at lines 9--12
\T1/lmr/m/n/10.95 (-20) We pro-vide a com-plete proof of the re-gret bound. Thr
ough-out, let $\OMS/lmsy/m/n/10.95 F[] \OT1/lmr/m/n/10.95 (-20) = \OML/lmm/m/it
/10.95 ^^[\OT1/lmr/m/n/10.95 (-20) (\OML/lmm/m/it/10.95 s[]; b[]; []; [] ; s[];
 b[]; []\OT1/lmr/m/n/10.95 (-20) )$
 []

[23] [24]
Overfull \hbox (24.01709pt too wide) detected at line 197
\U/msb/m/n/10.95 E\OT1/lmr/m/n/10.95 [\OML/lmm/m/it/10.95 R\OT1/lmr/m/n/10.95 (
\OML/lmm/m/it/10.95 T\OT1/lmr/m/n/10.95 )]  \OMS/lmsy/m/n/10.95 ^^T  \OT1/lmr/m
/n/10.95 2\OML/lmm/m/it/10.95 C[][]  \OT1/lmr/m/n/10.95 =  \OML/lmm/m/it/10.95 
C\OT1/lmr/m/n/10.95 (\OML/lmm/m/it/10.95 K; D\OT1/lmr/m/n/10.95 )[]\OML/lmm/m/i
t/10.95 ;  C\OT1/lmr/m/n/10.95 (\OML/lmm/m/it/10.95 K; D\OT1/lmr/m/n/10.95 ) = 
2\OML/lmm/m/it/10.95 C[] \OT1/lmr/m/n/10.95 = 16\OML/lmm/m/it/10.95 ^^[[][] \OT
1/lmr/m/n/10.95 ^^H(\OML/lmm/m/it/10.95 K; D\OT1/lmr/m/n/10.95 )\OML/lmm/m/it/1
0.95 : \U/msa/m/n/10.95 ^^C
 []

[25]

LaTeX Warning: `h' float specifier changed to `ht'.

) [26] [27] (main.aux)
 ***********
LaTeX2e <2025-11-01>
L3 programming layer <2025-12-24>
 ***********
Package rerunfilecheck Info: File `main.out' has not changed.
(rerunfilecheck)             Checksum: AE65F9B783310105B016BC5F9F837381;6804.
 ) 
Here is how much of TeX's memory you used:
 18070 strings out of 467870
 294983 string characters out of 5410611
 743467 words of memory out of 5000000
 46060 multiletter control sequences out of 15000+600000
 760967 words of font info for 336 fonts, out of 8000000 for 9000
 1141 hyphenation exceptions out of 8191
 90i,14n,93p,1003b,629s stack positions out of 10000i,1000n,20000p,200000b,200000s
<C:/Users/blobr.DESKTOP-0PLPMJC/AppData/Local/Programs/MiKTeX/fonts/type1/pub
lic/lm/lmbx10.pfb><C:/Users/blobr.DESKTOP-0PLPMJC/AppData/Local/Programs/MiKTeX
/fonts/type1/public/lm/lmbx12.pfb><C:/Users/blobr.DESKTOP-0PLPMJC/AppData/Local
/Programs/MiKTeX/fonts/type1/public/lm/lmbxi10.pfb><C:/Users/blobr.DESKTOP-0PLP
MJC/AppData/Local/Programs/MiKTeX/fonts/type1/public/lm/lmex10.pfb><C:/Users/bl
obr.DESKTOP-0PLPMJC/AppData/Local/Programs/MiKTeX/fonts/type1/public/lm/lmmi10.
pfb><C:/Users/blobr.DESKTOP-0PLPMJC/AppData/Local/Programs/MiKTeX/fonts/type1/p
ublic/lm/lmmi6.pfb><C:/Users/blobr.DESKTOP-0PLPMJC/AppData/Local/Programs/MiKTe
X/fonts/type1/public/lm/lmmi7.pfb><C:/Users/blobr.DESKTOP-0PLPMJC/AppData/Local
/Programs/MiKTeX/fonts/type1/public/lm/lmmi8.pfb><C:/Users/blobr.DESKTOP-0PLPMJ
C/AppData/Local/Programs/MiKTeX/fonts/type1/public/lm/lmr10.pfb><C:/Users/blobr
.DESKTOP-0PLPMJC/AppData/Local/Programs/MiKTeX/fonts/type1/public/lm/lmr6.pfb><
C:/Users/blobr.DESKTOP-0PLPMJC/AppData/Local/Programs/MiKTeX/fonts/type1/public
/lm/lmr7.pfb><C:/Users/blobr.DESKTOP-0PLPMJC/AppData/Local/Programs/MiKTeX/font
s/type1/public/lm/lmr8.pfb><C:/Users/blobr.DESKTOP-0PLPMJC/AppData/Local/Progra
ms/MiKTeX/fonts/type1/public/lm/lmr9.pfb><C:/Users/blobr.DESKTOP-0PLPMJC/AppDat
a/Local/Programs/MiKTeX/fonts/type1/public/lm/lmri10.pfb><C:/Users/blobr.DESKTO
P-0PLPMJC/AppData/Local/Programs/MiKTeX/fonts/type1/public/lm/lmri12.pfb><C:/Us
ers/blobr.DESKTOP-0PLPMJC/AppData/Local/Programs/MiKTeX/fonts/type1/public/lm/l
msy10.pfb><C:/Users/blobr.DESKTOP-0PLPMJC/AppData/Local/Programs/MiKTeX/fonts/t
ype1/public/lm/lmsy5.pfb><C:/Users/blobr.DESKTOP-0PLPMJC/AppData/Local/Programs
/MiKTeX/fonts/type1/public/lm/lmsy6.pfb><C:/Users/blobr.DESKTOP-0PLPMJC/AppData
/Local/Programs/MiKTeX/fonts/type1/public/lm/lmsy7.pfb><C:/Users/blobr.DESKTOP-
0PLPMJC/AppData/Local/Programs/MiKTeX/fonts/type1/public/lm/lmsy8.pfb><C:/Users
/blobr.DESKTOP-0PLPMJC/AppData/Local/Programs/MiKTeX/fonts/type1/public/lm/lmtt
10.pfb><C:/Users/blobr.DESKTOP-0PLPMJC/AppData/Local/Programs/MiKTeX/fonts/type
1/public/amsfonts/symbols/msam10.pfb><C:/Users/blobr.DESKTOP-0PLPMJC/AppData/Lo
cal/Programs/MiKTeX/fonts/type1/public/amsfonts/symbols/msbm10.pfb>
Output written on main.pdf (27 pages, 802338 bytes).
PDF statistics:
 1183 PDF objects out of 1200 (max. 8388607)
 149 named destinations out of 1000 (max. 500000)
 66911 words of extra memory for PDF output out of 74296 (max. 10000000)

