\BOOKMARK [1][-]{section.1}{\376\377\000I\000n\000t\000r\000o\000d\000u\000c\000t\000i\000o\000n}{}% 1
\BOOKMARK [1][-]{section.2}{\376\377\000R\000e\000l\000a\000t\000e\000d\000\040\000W\000o\000r\000k}{}% 2
\BOOKMARK [1][-]{section.3}{\376\377\000P\000r\000o\000b\000l\000e\000m\000\040\000F\000o\000r\000m\000u\000l\000a\000t\000i\000o\000n}{}% 3
\BOOKMARK [2][-]{subsection.3.1}{\376\377\000S\000e\000a\000r\000c\000h\000\040\000T\000r\000e\000e\000\040\000a\000n\000d\000\040\000V\000e\000r\000i\000f\000i\000e\000r}{section.3}% 4
\BOOKMARK [2][-]{subsection.3.2}{\376\377\000D\000y\000n\000a\000m\000i\000c\000\040\000V\000e\000r\000i\000f\000i\000e\000r\000\040\000A\000l\000l\000o\000c\000a\000t\000i\000o\000n}{section.3}% 5
\BOOKMARK [2][-]{subsection.3.3}{\376\377\000O\000r\000a\000c\000l\000e\000\040\000B\000e\000n\000c\000h\000m\000a\000r\000k\000\040\000a\000n\000d\000\040\000R\000e\000g\000r\000e\000t}{section.3}% 6
\BOOKMARK [2][-]{subsection.3.4}{\376\377\000A\000s\000s\000u\000m\000p\000t\000i\000o\000n\000s}{section.3}% 7
\BOOKMARK [2][-]{subsection.3.5}{\376\377\000P\000r\000o\000b\000l\000e\000m\000\040\000S\000t\000a\000t\000e\000m\000e\000n\000t}{section.3}% 8
\BOOKMARK [1][-]{section.4}{\376\377\000D\000y\000n\000a\000m\000i\000c\000\040\000V\000e\000r\000i\000f\000i\000e\000r\000\040\000A\000l\000l\000o\000c\000a\000t\000i\000o\000n\000\040\000M\000C\000T\000S}{}% 9
\BOOKMARK [2][-]{subsection.4.1}{\376\377\000H\000i\000g\000h\000-\000L\000e\000v\000e\000l\000\040\000D\000e\000s\000i\000g\000n}{section.4}% 10
\BOOKMARK [2][-]{subsection.4.2}{\376\377\000B\000u\000d\000g\000e\000t\000-\000S\000e\000n\000s\000i\000t\000i\000v\000e\000\040\000T\000h\000r\000e\000s\000h\000o\000l\000d}{section.4}% 11
\BOOKMARK [2][-]{subsection.4.3}{\376\377\000S\000c\000o\000r\000e\000\040\000P\000r\000o\000x\000y}{section.4}% 12
\BOOKMARK [2][-]{subsection.4.4}{\376\377\000U\000C\000B\000\040\000S\000e\000l\000e\000c\000t\000i\000o\000n\000\040\000w\000i\000t\000h\000\040\000V\000e\000r\000i\000f\000i\000e\000r\000\040\000B\000u\000d\000g\000e\000t}{section.4}% 13
\BOOKMARK [2][-]{subsection.4.5}{\376\377\000F\000u\000l\000l\000\040\000A\000l\000g\000o\000r\000i\000t\000h\000m}{section.4}% 14
\BOOKMARK [2][-]{subsection.4.6}{\376\377\000C\000o\000m\000p\000l\000e\000x\000i\000t\000y}{section.4}% 15
\BOOKMARK [1][-]{section.5}{\376\377\000T\000h\000e\000o\000r\000e\000t\000i\000c\000a\000l\000\040\000A\000n\000a\000l\000y\000s\000i\000s}{}% 16
\BOOKMARK [2][-]{subsection.5.1}{\376\377\000M\000a\000i\000n\000\040\000R\000e\000g\000r\000e\000t\000\040\000B\000o\000u\000n\000d}{section.5}% 17
\BOOKMARK [2][-]{subsection.5.2}{\376\377\000V\000e\000r\000i\000f\000i\000e\000r\000\040\000C\000a\000l\000l\000\040\000C\000o\000m\000p\000l\000e\000x\000i\000t\000y}{section.5}% 18
\BOOKMARK [2][-]{subsection.5.3}{\376\377\000L\000o\000w\000e\000r\000\040\000B\000o\000u\000n\000d}{section.5}% 19
\BOOKMARK [2][-]{subsection.5.4}{\376\377\000F\000i\000n\000i\000t\000e\000-\000S\000a\000m\000p\000l\000e\000\040\000B\000e\000h\000a\000v\000i\000o\000u\000r\000\040\000a\000n\000d\000\040\000t\000h\000e\000\040\000E\000x\000p\000l\000o\000r\000a\000t\000i\000o\000n\000\040\000R\000e\000g\000i\000m\000e}{section.5}% 20
\BOOKMARK [2][-]{subsection.5.5}{\376\377\000R\000o\000b\000u\000s\000t\000n\000e\000s\000s\000\040\000t\000o\000\040\000A\000s\000s\000u\000m\000p\000t\000i\000o\000n\000\040\000V\000i\000o\000l\000a\000t\000i\000o\000n\000s}{section.5}% 21
\BOOKMARK [2][-]{subsection.5.6}{\376\377\000C\000o\000n\000n\000e\000c\000t\000i\000o\000n\000\040\000t\000o\000\040\000C\000o\000m\000p\000u\000t\000e\000-\000O\000p\000t\000i\000m\000a\000l\000\040\000S\000c\000a\000l\000i\000n\000g}{section.5}% 22
\BOOKMARK [1][-]{section.6}{\376\377\000E\000x\000p\000e\000r\000i\000m\000e\000n\000t\000s}{}% 23
\BOOKMARK [2][-]{subsection.6.1}{\376\377\000E\000x\000p\000e\000r\000i\000m\000e\000n\000t\000a\000l\000\040\000S\000e\000t\000u\000p}{section.6}% 24
\BOOKMARK [2][-]{subsection.6.2}{\376\377\000T\000w\000o\000\040\000B\000u\000d\000g\000e\000t\000\040\000R\000e\000g\000i\000m\000e\000s}{section.6}% 25
\BOOKMARK [2][-]{subsection.6.3}{\376\377\000R\000e\000g\000r\000e\000t\000\040\000S\000c\000a\000l\000i\000n\000g}{section.6}% 26
\BOOKMARK [2][-]{subsection.6.4}{\376\377\000V\000e\000r\000i\000f\000i\000e\000r\000\040\000C\000a\000l\000l\000\040\000E\000f\000f\000i\000c\000i\000e\000n\000c\000y}{section.6}% 27
\BOOKMARK [2][-]{subsection.6.5}{\376\377\000S\000e\000n\000s\000i\000t\000i\000v\000i\000t\000y\000\040\000t\000o\000\040\000t\000h\000e\000\040\000L\000i\000p\000s\000c\000h\000i\000t\000z\000\040\000C\000o\000n\000s\000t\000a\000n\000t}{section.6}% 28
\BOOKMARK [2][-]{subsection.6.6}{\376\377\000L\000i\000p\000s\000c\000h\000i\000t\000z\000\040\000C\000o\000n\000t\000i\000n\000u\000i\000t\000y\000\040\000V\000a\000l\000i\000d\000a\000t\000i\000o\000n}{section.6}% 29
\BOOKMARK [2][-]{subsection.6.7}{\376\377\000C\000o\000m\000p\000u\000t\000e\040\023\000A\000c\000c\000u\000r\000a\000c\000y\000\040\000T\000r\000a\000d\000e\000o\000f\000f}{section.6}% 30
\BOOKMARK [2][-]{subsection.6.8}{\376\377\000A\000b\000l\000a\000t\000i\000o\000n\000:\000\040\000T\000h\000r\000e\000s\000h\000o\000l\000d\000\040\000E\000x\000p\000o\000n\000e\000n\000t\000\040}{section.6}% 31
\BOOKMARK [2][-]{subsection.6.9}{\376\377\000R\000e\000a\000l\000\040\000P\000R\000M\000\040\000V\000a\000l\000i\000d\000a\000t\000i\000o\000n\000\040\000o\000n\000\040\000G\000S\000M\0008\000K}{section.6}% 32
\BOOKMARK [1][-]{section.7}{\376\377\000C\000o\000n\000c\000l\000u\000s\000i\000o\000n}{}% 33
\BOOKMARK [1][-]{appendix.A}{\376\377\000F\000u\000l\000l\000\040\000P\000r\000o\000o\000f\000s}{}% 34
\BOOKMARK [2][-]{subsection.A.1}{\376\377\000P\000r\000o\000o\000f\000\040\000o\000f\000\040\000T\000h\000e\000o\000r\000e\000m\000\040\0005\000.\0001}{appendix.A}% 35
\BOOKMARK [2][-]{subsection.A.2}{\376\377\000P\000r\000o\000o\000f\000\040\000o\000f\000\040\000T\000h\000e\000o\000r\000e\000m\000\040\0005\000.\0002}{appendix.A}% 36
\BOOKMARK [2][-]{subsection.A.3}{\376\377\000P\000r\000o\000o\000f\000\040\000o\000f\000\040\000T\000h\000e\000o\000r\000e\000m\000\040\0005\000.\0003}{appendix.A}% 37
\BOOKMARK [1][-]{appendix.B}{\376\377\000H\000y\000p\000e\000r\000p\000a\000r\000a\000m\000e\000t\000e\000r\000\040\000S\000e\000n\000s\000i\000t\000i\000v\000i\000t\000y}{}% 38
\BOOKMARK [1][-]{appendix.C}{\376\377\000N\000o\000t\000a\000t\000i\000o\000n\000\040\000S\000u\000m\000m\000a\000r\000y}{}% 39
